==============================================================================
run started 2026-08-02 10:30:22
args: {"TEST": null, "bal_tol": 0.03, "batch_size": 10, "drift_high_tol": 0.15, "drift_tol": 0.1, "epochs": 6, "eval_every": 66, "gap_tol": 0.0, "l2sp": 0.001, "lr": 1e-05, "out": "./models/exp3multif0_finetuned_bn.weights.h5", "pos_weight": 4.0, "real_audio": ["./finetune/data/valid/late_dada.wav", "./finetune/data/valid/Parijs_dedetdoe.wav"], "recompute": false, "save_every_epoch": true, "seed": 0, "strategy": "bn", "thresh": 0.5, "train_dir": "./finetune/data/train/", "valid_dir": "./finetune/data/valid/", "weights": "./models/exp3multif0.h5", "win": 50, "win_hop": null}
==============================================================================
Output weights: ./models/exp3multif0_finetuned_bn.weights.h5
Logging to ./models/exp3multif0_finetuned_bn_20260802-103022.log
Using 6650 cached windows in ./finetune/data/train/_cache
Using cached features for 2 validation files in ./finetune/data/valid/_cache
Real-audio drift screen: late_dada.wav (671 frames, 7.8 s)
Real-audio drift screen: Parijs_dedetdoe.wav (416 frames, 4.8 s)
Strategy 'bn': 17 trainable layers (17 layers)
L2-SP anchoring 0 kernels (lambda=0.001)
baseline     | val_loss bal=0.1149 victim=0.1284  recall bal=0.809 victim=0.783  GAP=0.027  prec bal=0.878 victim=0.878  | quiet recall=0.648 gap=0.161

  REAL(2) mean -5.0%  d@high -0.039  r=0.99  worst -5.7%
  step 66 (epoch 1, batch 66/665)  train_loss=0.1503  [-> exp3multif0_finetuned_bn_e01_s000066.weights.h5]  | val_loss bal=0.1154 victim=0.1290  recall bal=0.799 victim=0.773  GAP=0.025  prec bal=0.883 victim=0.883  | quiet recall=0.647 gap=0.152  | REAL(2) mean -5.0%  d@high -0.039  r=0.99  worst -5.7%  [saved best]

  REAL(2) mean -7.3%  d@high -0.063  r=0.98  worst -8.4%
  step 132 (epoch 1, batch 132/665)  train_loss=0.1537  [-> exp3multif0_finetuned_bn_e01_s000132.weights.h5]  | val_loss bal=0.1163 victim=0.1302  recall bal=0.793 victim=0.768  GAP=0.025  prec bal=0.883 victim=0.885  | quiet recall=0.641 gap=0.152  | REAL(2) mean -7.3%  d@high -0.063  r=0.98  worst -8.4%

  REAL(2) mean -8.0%  d@high -0.074  r=0.97  worst -9.4%
  step 198 (epoch 1, batch 198/665)  train_loss=0.1542  [-> exp3multif0_finetuned_bn_e01_s000198.weights.h5]  | val_loss bal=0.1169 victim=0.1308  recall bal=0.791 victim=0.766  GAP=0.026  prec bal=0.883 victim=0.884  | quiet recall=0.638 gap=0.153  | REAL(2) mean -8.0%  d@high -0.074  r=0.97  worst -9.4%

  REAL(2) mean -7.6%  d@high -0.078  r=0.97  worst -8.9%
  step 264 (epoch 1, batch 264/665)  train_loss=0.1470  [-> exp3multif0_finetuned_bn_e01_s000264.weights.h5]  | val_loss bal=0.1168 victim=0.1306  recall bal=0.792 victim=0.766  GAP=0.026  prec bal=0.882 victim=0.884  | quiet recall=0.635 gap=0.157  | REAL(2) mean -7.6%  d@high -0.078  r=0.97  worst -8.9%

  REAL(2) mean -7.4%  d@high -0.079  r=0.97  worst -8.9%
