==============================================================================
run started 2026-08-01 17:09:03
args: {"TEST": null, "bal_tol": 0.03, "batch_size": 10, "drift_high_tol": 0.15, "drift_tol": 0.1, "epochs": 6, "gap_tol": 0.0, "l2sp": 0.001, "lr": 0.0001, "out": "./models/exp3multif0_finetuned_conv.weights.h5", "pos_weight": 1.0, "real_audio": ["./finetune/data/valid/late_dada.wav", "./finetune/data/valid/Parijs_dedetdoe.wav"], "recompute": false, "save_every_epoch": true, "seed": 0, "strategy": "conv", "thresh": 0.5, "train_dir": "./finetune/data/train/", "valid_dir": "./finetune/data/valid/", "weights": "./models/exp3multif0.h5", "win": 50, "win_hop": null}
==============================================================================
Output weights: ./models/exp3multif0_finetuned_conv.weights.h5
Logging to ./models/exp3multif0_finetuned_conv_20260801-170903.log
Using 6650 cached windows in ./finetune/data/train/_cache
Using cached features for 2 validation files in ./finetune/data/valid/_cache
Real-audio drift screen: late_dada.wav (671 frames, 7.8 s)
Real-audio drift screen: Parijs_dedetdoe.wav (416 frames, 4.8 s)
Strategy 'conv': 20 trainable layers (20 layers)
L2-SP anchoring 16 kernels (lambda=0.001)
baseline     | val_loss bal=0.0401 victim=0.0437  recall bal=0.809 victim=0.783  GAP=0.027  prec bal=0.878 victim=0.878  | quiet recall=0.648 gap=0.161

  REAL(2) mean -36.3%  d@high -0.331  r=0.84  worst -44.9%
epoch 1/6  train_loss=0.0393  [-> exp3multif0_finetuned_conv_e01.weights.h5]  | val_loss bal=0.0293 victim=0.0306  recall bal=0.879 victim=0.858  GAP=0.021  prec bal=0.948 victim=0.947  | quiet recall=0.754 gap=0.124  | REAL(2) mean -36.3%  d@high -0.331  r=0.84  worst -44.9%  [rejected: real mean -45%, real d@high -0.331]

  REAL(2) mean -51.1%  d@high -0.437  r=0.78  worst -63.2%
epoch 2/6  train_loss=0.0378  [-> exp3multif0_finetuned_conv_e02.weights.h5]  | val_loss bal=0.0289 victim=0.0303  recall bal=0.875 victim=0.853  GAP=0.022  prec bal=0.954 victim=0.952  | quiet recall=0.741 gap=0.134  | REAL(2) mean -51.1%  d@high -0.437  r=0.78  worst -63.2%  [rejected: real mean -63%, real d@high -0.437]

  REAL(2) mean -50.4%  d@high -0.426  r=0.78  worst -60.8%
epoch 3/6  train_loss=0.0376  [-> exp3multif0_finetuned_conv_e03.weights.h5]  | val_loss bal=0.0288 victim=0.0303  recall bal=0.873 victim=0.850  GAP=0.022  prec bal=0.958 victim=0.956  | quiet recall=0.738 gap=0.134  | REAL(2) mean -50.4%  d@high -0.426  r=0.78  worst -60.8%  [rejected: real mean -61%, real d@high -0.426]

  REAL(2) mean -49.9%  d@high -0.438  r=0.77  worst -60.3%
epoch 4/6  train_loss=0.0375  [-> exp3multif0_finetuned_conv_e04.weights.h5]  | val_loss bal=0.0287 victim=0.0301  recall bal=0.878 victim=0.855  GAP=0.023  prec bal=0.952 victim=0.950  | quiet recall=0.743 gap=0.135  | REAL(2) mean -49.9%  d@high -0.438  r=0.77  worst -60.3%  [rejected: real mean -60%, real d@high -0.438]
