==============================================================================
run started 2026-08-05 18:25:53
args: {"TEST": null, "bal_tol": 0.03, "batch_size": 10, "distill_dir": "./finetune/data/distill", "distill_gamma": 1.0, "distill_lambda": 3.0, "distill_quiet_cap": 0.33, "drift_high_tol": 0.15, "drift_tol": 0.1, "epochs": 6, "eval_every": 66, "gap_tol": 0.0, "l2sp": 0.001, "lr": 0.0001, "out": "./models/exp3multif0_finetuned_bn_distill_conv.weights.h5", "pos_weight": 4.0, "real_audio": ["./finetune/data/valid/late_dada.wav", "./finetune/data/valid/Parijs_dedetdoe.wav"], "recompute": false, "save_every_epoch": true, "seed": 0, "strategy": "conv", "thresh": 0.5, "train_dir": "./finetune/data/train/", "valid_dir": "./finetune/data/valid/", "weights": "./models/exp3multif0.h5", "win": 50, "win_hop": null}
==============================================================================
Output weights: ./models/exp3multif0_finetuned_bn_distill_conv.weights.h5
Logging to ./models/exp3multif0_finetuned_bn_distill_conv_20260805-182553.log
Using 6650 cached windows in ./finetune/data/train/_cache
Using cached features for 2 validation files in ./finetune/data/valid/_cache
Real-audio drift screen: late_dada.wav (671 frames, 7.8 s)
Real-audio drift screen: Parijs_dedetdoe.wav (416 frames, 4.8 s)
Strategy 'conv': 20 trainable layers (20 layers)
L2-SP anchoring 16 kernels (lambda=0.001)
baseline     | val_loss bal=0.1149 victim=0.1284  recall bal=0.809 victim=0.783  GAP=0.027  prec bal=0.878 victim=0.878  | quiet recall=0.648 gap=0.161
Using cached distillation targets in ./finetune/data/distill/_cache
Distilling on 2729 real windows (26.4 min), lambda=3 gamma=1, edge crop 12 frames

  REAL(2) mean +6.7%  d@high -0.003  r=1.00  worst +6.2%
  step 66 (epoch 1, batch 66/665)  train_loss=0.1259 distill=0.5209  [-> exp3multif0_finetuned_bn_distill_conv_e01_s000066.weights.h5]  | val_loss bal=0.0926 victim=0.1009  recall bal=0.860 victim=0.831  GAP=0.029  prec bal=0.877 victim=0.877  | quiet recall=0.687 gap=0.173  | REAL(2) mean +6.7%  d@high -0.003  r=1.00  worst +6.2%  [rejected: gap_quiet 0.173>0.161]

  REAL(2) mean +5.4%  d@high -0.007  r=1.00  worst +5.2%
  step 132 (epoch 1, batch 132/665)  train_loss=0.1139 distill=0.5204  [-> exp3multif0_finetuned_bn_distill_conv_e01_s000132.weights.h5]  | val_loss bal=0.0879 victim=0.0949  recall bal=0.874 victim=0.846  GAP=0.028  prec bal=0.868 victim=0.867  | quiet recall=0.706 gap=0.167  | REAL(2) mean +5.4%  d@high -0.007  r=1.00  worst +5.2%  [rejected: gap_quiet 0.167>0.161]

  REAL(2) mean +6.3%  d@high -0.006  r=1.00  worst +6.1%
  step 198 (epoch 1, batch 198/665)  train_loss=0.1095 distill=0.5223  [-> exp3multif0_finetuned_bn_distill_conv_e01_s000198.weights.h5]  | val_loss bal=0.0855 victim=0.0918  recall bal=0.883 victim=0.855  GAP=0.027  prec bal=0.860 victim=0.859  | quiet recall=0.719 gap=0.163  | REAL(2) mean +6.3%  d@high -0.006  r=1.00  worst +6.1%  [rejected: gap_quiet 0.163>0.161]

  REAL(2) mean +5.4%  d@high -0.008  r=1.00  worst +4.9%
  step 264 (epoch 1, batch 264/665)  train_loss=0.1042 distill=0.5198  [-> exp3multif0_finetuned_bn_distill_conv_e01_s000264.weights.h5]  | val_loss bal=0.0849 victim=0.0910  recall bal=0.883 victim=0.856  GAP=0.027  prec bal=0.866 victim=0.865  | quiet recall=0.723 gap=0.160  | REAL(2) mean +5.4%  d@high -0.008  r=1.00  worst +4.9%  [saved best, +0.075 vs baseline]

  REAL(2) mean +5.9%  d@high -0.004  r=1.00  worst +5.7%
  step 330 (epoch 1, batch 330/665)  train_loss=0.1054 distill=0.5192  [-> exp3multif0_finetuned_bn_distill_conv_e01_s000330.weights.h5]  | val_loss bal=0.0838 victim=0.0893  recall bal=0.889 victim=0.864  GAP=0.025  prec bal=0.858 victim=0.858  | quiet recall=0.739 gap=0.149  | REAL(2) mean +5.9%  d@high -0.004  r=1.00  worst +5.7%  [saved best, +0.091 vs baseline]

  REAL(2) mean +6.2%  d@high -0.006  r=1.00  worst +5.7%
  step 396 (epoch 1, batch 396/665)  train_loss=0.1043 distill=0.5213  [-> exp3multif0_finetuned_bn_distill_conv_e01_s000396.weights.h5]  | val_loss bal=0.0833 victim=0.0884  recall bal=0.890 victim=0.866  GAP=0.024  prec bal=0.858 victim=0.858  | quiet recall=0.748 gap=0.142  | REAL(2) mean +6.2%  d@high -0.006  r=1.00  worst +5.7%  [saved best, +0.100 vs baseline]

  REAL(2) mean +6.1%  d@high -0.004  r=1.00  worst +5.3%
  step 462 (epoch 1, batch 462/665)  train_loss=0.1037 distill=0.5207  [-> exp3multif0_finetuned_bn_distill_conv_e01_s000462.weights.h5]  | val_loss bal=0.0830 victim=0.0881  recall bal=0.891 victim=0.867  GAP=0.024  prec bal=0.857 victim=0.857  | quiet recall=0.748 gap=0.142  | REAL(2) mean +6.1%  d@high -0.004  r=1.00  worst +5.3%  [saved best, +0.100 vs baseline]

  REAL(2) mean +5.3%  d@high -0.005  r=1.00  worst +5.1%
  step 528 (epoch 1, batch 528/665)  train_loss=0.1058 distill=0.5207  [-> exp3multif0_finetuned_bn_distill_conv_e01_s000528.weights.h5]  | val_loss bal=0.0823 victim=0.0871  recall bal=0.894 victim=0.871  GAP=0.023  prec bal=0.852 victim=0.853  | quiet recall=0.756 gap=0.139  | REAL(2) mean +5.3%  d@high -0.005  r=1.00  worst +5.1%  [saved best, +0.108 vs baseline]

  REAL(2) mean +6.1%  d@high -0.007  r=1.00  worst +5.4%
  step 594 (epoch 1, batch 594/665)  train_loss=0.1043 distill=0.5202  [-> exp3multif0_finetuned_bn_distill_conv_e01_s000594.weights.h5]  | val_loss bal=0.0822 victim=0.0870  recall bal=0.894 victim=0.871  GAP=0.023  prec bal=0.854 victim=0.855  | quiet recall=0.756 gap=0.138  | REAL(2) mean +6.1%  d@high -0.007  r=1.00  worst +5.4%  [saved best, +0.108 vs baseline]

  REAL(2) mean +6.2%  d@high -0.006  r=1.00  worst +5.7%
  step 660 (epoch 1, batch 660/665)  train_loss=0.1024 distill=0.5229  [-> exp3multif0_finetuned_bn_distill_conv_e01_s000660.weights.h5]  | val_loss bal=0.0818 victim=0.0863  recall bal=0.893 victim=0.872  GAP=0.022  prec bal=0.864 victim=0.865  | quiet recall=0.763 gap=0.130  | REAL(2) mean +6.2%  d@high -0.006  r=1.00  worst +5.7%  [saved best, +0.115 vs baseline]

  REAL(2) mean +5.8%  d@high -0.008  r=1.00  worst +5.7%
epoch 1/6  train_loss=0.1079 distill=0.5208  [-> exp3multif0_finetuned_bn_distill_conv_e01.weights.h5]  | val_loss bal=0.0817 victim=0.0862  recall bal=0.894 victim=0.873  GAP=0.022  prec bal=0.862 victim=0.863  | quiet recall=0.764 gap=0.130  | REAL(2) mean +5.8%  d@high -0.008  r=1.00  worst +5.7%  [saved best, +0.116 vs baseline]

  REAL(2) mean +5.0%  d@high -0.005  r=1.00  worst +5.0%
  step 726 (epoch 2, batch 61/665)  train_loss=0.0980 distill=0.5206  [-> exp3multif0_finetuned_bn_distill_conv_e02_s000726.weights.h5]  | val_loss bal=0.0821 victim=0.0869  recall bal=0.892 victim=0.870  GAP=0.022  prec bal=0.862 victim=0.862  | quiet recall=0.760 gap=0.132  | REAL(2) mean +5.0%  d@high -0.005  r=1.00  worst +5.0%

  REAL(2) mean +5.8%  d@high -0.009  r=1.00  worst +5.8%
  step 792 (epoch 2, batch 127/665)  train_loss=0.1002 distill=0.5192  [-> exp3multif0_finetuned_bn_distill_conv_e02_s000792.weights.h5]  | val_loss bal=0.0819 victim=0.0865  recall bal=0.893 victim=0.871  GAP=0.022  prec bal=0.860 victim=0.861  | quiet recall=0.762 gap=0.131  | REAL(2) mean +5.8%  d@high -0.009  r=1.00  worst +5.8%

  REAL(2) mean +5.5%  d@high -0.007  r=1.00  worst +4.8%
  step 858 (epoch 2, batch 193/665)  train_loss=0.1003 distill=0.5211  [-> exp3multif0_finetuned_bn_distill_conv_e02_s000858.weights.h5]  | val_loss bal=0.0816 victim=0.0862  recall bal=0.894 victim=0.871  GAP=0.022  prec bal=0.860 victim=0.861  | quiet recall=0.760 gap=0.134  | REAL(2) mean +5.5%  d@high -0.007  r=1.00  worst +4.8%

  REAL(2) mean +4.7%  d@high -0.008  r=1.00  worst +4.6%
  step 924 (epoch 2, batch 259/665)  train_loss=0.0992 distill=0.5201  [-> exp3multif0_finetuned_bn_distill_conv_e02_s000924.weights.h5]  | val_loss bal=0.0814 victim=0.0858  recall bal=0.896 victim=0.874  GAP=0.022  prec bal=0.854 victim=0.855  | quiet recall=0.765 gap=0.131  | REAL(2) mean +4.7%  d@high -0.008  r=1.00  worst +4.6%  [saved best, +0.117 vs baseline]

  REAL(2) mean +4.7%  d@high -0.009  r=1.00  worst +4.7%
  step 990 (epoch 2, batch 325/665)  train_loss=0.1016 distill=0.5220  [-> exp3multif0_finetuned_bn_distill_conv_e02_s000990.weights.h5]  | val_loss bal=0.0812 victim=0.0858  recall bal=0.895 victim=0.873  GAP=0.022  prec bal=0.858 victim=0.859  | quiet recall=0.764 gap=0.132  | REAL(2) mean +4.7%  d@high -0.009  r=1.00  worst +4.7%

  REAL(2) mean +5.6%  d@high -0.007  r=1.00  worst +5.2%
  step 1056 (epoch 2, batch 391/665)  train_loss=0.1012 distill=0.5203  [-> exp3multif0_finetuned_bn_distill_conv_e02_s001056.weights.h5]  | val_loss bal=0.0812 victim=0.0858  recall bal=0.895 victim=0.873  GAP=0.022  prec bal=0.861 victim=0.861  | quiet recall=0.763 gap=0.133  | REAL(2) mean +5.6%  d@high -0.007  r=1.00  worst +5.2%

  REAL(2) mean +6.5%  d@high -0.006  r=0.99  worst +6.1%
  step 1122 (epoch 2, batch 457/665)  train_loss=0.1013 distill=0.5201  [-> exp3multif0_finetuned_bn_distill_conv_e02_s001122.weights.h5]  | val_loss bal=0.0811 victim=0.0854  recall bal=0.898 victim=0.877  GAP=0.021  prec bal=0.851 victim=0.851  | quiet recall=0.771 gap=0.127  | REAL(2) mean +6.5%  d@high -0.006  r=0.99  worst +6.1%  [saved best, +0.123 vs baseline]

  REAL(2) mean +5.5%  d@high -0.005  r=1.00  worst +4.8%
  step 1188 (epoch 2, batch 523/665)  train_loss=0.0999 distill=0.5192  [-> exp3multif0_finetuned_bn_distill_conv_e02_s001188.weights.h5]  | val_loss bal=0.0809 victim=0.0854  recall bal=0.896 victim=0.873  GAP=0.023  prec bal=0.864 victim=0.865  | quiet recall=0.760 gap=0.135  | REAL(2) mean +5.5%  d@high -0.005  r=1.00  worst +4.8%

  REAL(2) mean +5.9%  d@high -0.004  r=1.00  worst +5.5%
  step 1254 (epoch 2, batch 589/665)  train_loss=0.1026 distill=0.5235  [-> exp3multif0_finetuned_bn_distill_conv_e02_s001254.weights.h5]  | val_loss bal=0.0810 victim=0.0852  recall bal=0.897 victim=0.876  GAP=0.021  prec bal=0.857 victim=0.858  | quiet recall=0.771 gap=0.126  | REAL(2) mean +5.9%  d@high -0.004  r=1.00  worst +5.5%

  REAL(2) mean +5.5%  d@high -0.007  r=1.00  worst +5.3%
  step 1320 (epoch 2, batch 655/665)  train_loss=0.1036 distill=0.5202  [-> exp3multif0_finetuned_bn_distill_conv_e02_s001320.weights.h5]  | val_loss bal=0.0810 victim=0.0850  recall bal=0.899 victim=0.877  GAP=0.021  prec bal=0.850 victim=0.850  | quiet recall=0.770 gap=0.129  | REAL(2) mean +5.5%  d@high -0.007  r=1.00  worst +5.3%

  REAL(2) mean +4.7%  d@high -0.008  r=1.00  worst +4.3%
epoch 2/6  train_loss=0.1007 distill=0.5206  [-> exp3multif0_finetuned_bn_distill_conv_e02.weights.h5]  | val_loss bal=0.0808 victim=0.0849  recall bal=0.898 victim=0.876  GAP=0.022  prec bal=0.857 victim=0.857  | quiet recall=0.767 gap=0.131  | REAL(2) mean +4.7%  d@high -0.008  r=1.00  worst +4.3%

  REAL(2) mean +5.3%  d@high -0.008  r=1.00  worst +4.8%
  step 1386 (epoch 3, batch 56/665)  train_loss=0.1015 distill=0.5201  [-> exp3multif0_finetuned_bn_distill_conv_e03_s001386.weights.h5]  | val_loss bal=0.0808 victim=0.0851  recall bal=0.896 victim=0.874  GAP=0.022  prec bal=0.865 victim=0.865  | quiet recall=0.764 gap=0.132  | REAL(2) mean +5.3%  d@high -0.008  r=1.00  worst +4.8%

  REAL(2) mean +4.3%  d@high -0.009  r=1.00  worst +3.9%
  step 1452 (epoch 3, batch 122/665)  train_loss=0.0987 distill=0.5207  [-> exp3multif0_finetuned_bn_distill_conv_e03_s001452.weights.h5]  | val_loss bal=0.0809 victim=0.0854  recall bal=0.895 victim=0.873  GAP=0.022  prec bal=0.864 victim=0.864  | quiet recall=0.763 gap=0.132  | REAL(2) mean +4.3%  d@high -0.009  r=1.00  worst +3.9%
